syntax/missing-ket.sbl:2: ) omitted after name
syntax/missing-ket.sbl:3: ) omitted after name
syntax/missing-ket.sbl:4: name omitted after -
syntax/missing-ket.sbl:6: ) omitted after number
syntax/missing-ket.sbl:7: ) omitted after number
syntax/missing-ket.sbl:8: ) omitted after delete
