syntax/missing-ket-backwardmode.sbl:4: ) omitted after true
