syntax/missing-bra.sbl:2: ( omitted after strings
syntax/missing-bra.sbl:4: ( omitted after backwardmode
syntax/missing-bra.sbl:6: ( omitted after among
